--------- beginning of crash
--------- beginning of system
2026-06-21 15:01:48.937 31535-31535 ActivityThread          com.github.kusl.myweather.debug      D  ComponentInfo{com.github.kusl.myweather.debug/com.kusl.myweather.MainActivity} checkFinished=false 4
2026-06-21 15:01:48.937  1876-2513  OplusThermalStats       system_server                        E  Error getting package info: com.github.kusl.myweather.debug
2026-06-21 15:01:48.938 31535-31535 ResourcesManagerExtImpl com.github.kusl.myweather.debug      D  applyConfigurationToAppResourcesLocked app.getDisplayId() return callback.displayId:-1
2026-06-21 15:02:32.701 31535-31535 Quality                 com.github.kusl.myweather.debug      I  Skipped: false 2 cost 49.748352 refreshRate 16686104 bit true processName com.github.kusl.myweather.debug
2026-06-21 15:02:56.942 31535-31535 Quality                 com.github.kusl.myweather.debug      I  Skipped: false 1 cost 23.281704 refreshRate 16681975 bit true processName com.github.kusl.myweather.debug
2026-06-21 15:02:57.204 31535-31535 Quality                 com.github.kusl.myweather.debug      I  Skipped: false 13 cost 218.99368 refreshRate 16680587 bit true processName com.github.kusl.myweather.debug
2026-06-21 15:02:58.949 31535-31535 Quality                 com.github.kusl.myweather.debug      I  Skipped: false 14 cost 245.96304 refreshRate 16686085 bit true processName com.github.kusl.myweather.debug
2026-06-21 15:03:17.641 31535-31535 Quality                 com.github.kusl.myweather.debug      I  Skipped: false 14 cost 241.79567 refreshRate 16681562 bit true processName com.github.kusl.myweather.debug
2026-06-21 15:03:21.168 31535-31535 Quality                 com.github.kusl.myweather.debug      I  Skipped: false 15 cost 265.8232 refreshRate 16677086 bit true processName com.github.kusl.myweather.debug
2026-06-21 15:03:25.976 31535-31535 Quality                 com.github.kusl.myweather.debug      I  Skipped: false 1 cost 20.120802 refreshRate 16683897 bit true processName com.github.kusl.myweather.debug
2026-06-21 15:05:40.759 31535-31535 Quality                 com.github.kusl.myweather.debug      I  Skipped: false 2 cost 41.52553 refreshRate 16683627 bit true processName com.github.kusl.myweather.debug
2026-06-21 15:05:40.847 31535-31535 Quality                 com.github.kusl.myweather.debug      I  Skipped: false 4 cost 78.81682 refreshRate 16682714 bit true processName com.github.kusl.myweather.debug
2026-06-21 15:05:40.905 31535-31535 Quality                 com.github.kusl.myweather.debug      I  Skipped: false 1 cost 20.229837 refreshRate 16671836 bit true processName com.github.kusl.myweather.debug
2026-06-21 15:05:40.991 31535-31535 Quality                 com.github.kusl.myweather.debug      I  Skipped: false 3 cost 56.059406 refreshRate 16670720 bit true processName com.github.kusl.myweather.debug
2026-06-21 15:05:41.056 31535-31535 Quality                 com.github.kusl.myweather.debug      I  Skipped: true 1 cost 21.42402 refreshRate 16672937 bit true processName com.github.kusl.myweather.debug
2026-06-21 15:05:41.234 31535-31535 VRI[MainActivity]       com.github.kusl.myweather.debug      W  handleResized abandoned!
2026-06-21 15:05:41.282 31535-31535 VRI[MainActivity]       com.github.kusl.myweather.debug      W  handleResized abandoned!
2026-06-21 15:05:41.378 31535-31535 Quality                 com.github.kusl.myweather.debug      I  Skipped: false 1 cost 26.726656 refreshRate 16680256 bit true processName com.github.kusl.myweather.debug
2026-06-21 15:05:41.395 31535-31535 VRI[MainActivity]       com.github.kusl.myweather.debug      W  handleResized abandoned!
2026-06-21 15:07:02.384 31535-31535 Quality                 com.github.kusl.myweather.debug      I  Skipped: false 4 cost 75.43765 refreshRate 16677659 bit true processName com.github.kusl.myweather.debug
2026-06-21 15:07:02.547 31535-31535 Quality                 com.github.kusl.myweather.debug      I  Skipped: true 2 cost 38.40405 refreshRate 16676513 bit true processName com.github.kusl.myweather.debug
2026-06-21 15:07:08.888 31535-31535 Quality                 com.github.kusl.myweather.debug      I  Skipped: true 1 cost 24.724707 refreshRate 16679077 bit true processName com.github.kusl.myweather.debug
2026-06-21 15:07:11.347 31535-31535 Quality                 com.github.kusl.myweather.debug      I  Skipped: false 1 cost 31.904018 refreshRate 16679317 bit true processName com.github.kusl.myweather.debug
2026-06-21 15:07:11.608 31535-31535 Quality                 com.github.kusl.myweather.debug      I  Skipped: true 1 cost 25.769571 refreshRate 16680149 bit true processName com.github.kusl.myweather.debug
2026-06-21 15:07:14.121 31535-31535 Quality                 com.github.kusl.myweather.debug      I  Skipped: true 1 cost 20.459536 refreshRate 16689910 bit true processName com.github.kusl.myweather.debug
2026-06-21 15:07:14.348 31535-31535 Quality                 com.github.kusl.myweather.debug      I  Skipped: false 1 cost 30.975855 refreshRate 16665321 bit true processName com.github.kusl.myweather.debug
2026-06-21 15:07:14.388 31535-31535 Quality                 com.github.kusl.myweather.debug      I  Skipped: false 2 cost 33.447575 refreshRate 16667005 bit true processName com.github.kusl.myweather.debug
2026-06-21 15:07:14.427 31535-31535 Quality                 com.github.kusl.myweather.debug      I  Skipped: true 1 cost 26.643438 refreshRate 16668039 bit true processName com.github.kusl.myweather.debug
2026-06-21 15:07:14.476 31535-31535 Quality                 com.github.kusl.myweather.debug      I  Skipped: false 1 cost 25.50192 refreshRate 16676623 bit true processName com.github.kusl.myweather.debug
2026-06-21 15:07:14.640 31535-31535 Quality                 com.github.kusl.myweather.debug      I  Skipped: false 1 cost 22.191334 refreshRate 16682154 bit true processName com.github.kusl.myweather.debug
2026-06-21 15:07:14.774 31535-31535 Quality                 com.github.kusl.myweather.debug      I  Skipped: false 1 cost 23.495998 refreshRate 16680104 bit true processName com.github.kusl.myweather.debug
2026-06-21 15:07:14.890 31535-31535 Quality                 com.github.kusl.myweather.debug      I  Skipped: false 1 cost 22.271704 refreshRate 16673264 bit true processName com.github.kusl.myweather.debug
2026-06-21 15:07:14.968 31535-31535 Quality                 com.github.kusl.myweather.debug      I  Skipped: false 1 cost 16.834112 refreshRate 16677924 bit true processName com.github.kusl.myweather.debug
2026-06-21 15:07:15.241 31535-31535 Quality                 com.github.kusl.myweather.debug      I  Skipped: false 1 cost 22.950924 refreshRate 16674869 bit true processName com.github.kusl.myweather.debug
2026-06-21 15:07:15.648 31535-31535 Quality                 com.github.kusl.myweather.debug      I  Skipped: false 1 cost 29.84309 refreshRate 16678259 bit true processName com.github.kusl.myweather.debug
2026-06-21 15:07:16.304 31535-31535 Quality                 com.github.kusl.myweather.debug      I  Skipped: false 1 cost 19.019924 refreshRate 16677945 bit true processName com.github.kusl.myweather.debug
2026-06-21 15:07:16.363 31535-31535 Quality                 com.github.kusl.myweather.debug      I  Skipped: false 1 cost 27.98492 refreshRate 16676688 bit true processName com.github.kusl.myweather.debug
2026-06-21 15:07:16.392 31535-31535 Quality                 com.github.kusl.myweather.debug      I  Skipped: true 1 cost 23.261608 refreshRate 16676037 bit true processName com.github.kusl.myweather.debug
2026-06-21 15:07:16.437 31535-31535 Quality                 com.github.kusl.myweather.debug      I  Skipped: false 2 cost 34.875687 refreshRate 16675495 bit true processName com.github.kusl.myweather.debug
2026-06-21 15:07:16.482 31535-31535 Quality                 com.github.kusl.myweather.debug      I  Skipped: false 1 cost 29.565905 refreshRate 16678478 bit true processName com.github.kusl.myweather.debug
2026-06-21 15:07:16.530 31535-31535 Quality                 com.github.kusl.myweather.debug      I  Skipped: false 2 cost 44.26782 refreshRate 16676850 bit true processName com.github.kusl.myweather.debug
2026-06-21 15:07:25.061 31535-31535 Quality                 com.github.kusl.myweather.debug      I  Skipped: true 1 cost 19.833744 refreshRate 16680878 bit true processName com.github.kusl.myweather.debug
2026-06-21 15:07:25.380 31535-31535 Quality                 com.github.kusl.myweather.debug      I  Skipped: false 13 cost 221.3208 refreshRate 16675671 bit true processName com.github.kusl.myweather.debug
2026-06-21 15:07:26.988 31535-31535 Quality                 com.github.kusl.myweather.debug      I  Skipped: false 16 cost 278.85635 refreshRate 16678052 bit true processName com.github.kusl.myweather.debug
2026-06-21 15:07:30.624 31535-31535 VRI[MainActivity]       com.github.kusl.myweather.debug      W  handleResized abandoned!
2026-06-21 15:07:30.625 31535-31535 VRI[Pop-Up Window]      com.github.kusl.myweather.debug      W  handleResized abandoned!
2026-06-21 15:07:31.458 31535-31535 VRI[MainActivity]       com.github.kusl.myweather.debug      W  handleResized abandoned!
2026-06-21 15:07:31.458 31535-31535 VRI[Pop-Up Window]      com.github.kusl.myweather.debug      W  handleResized abandoned!
2026-06-21 15:07:31.477 31535-31535 VRI[MainActivity]       com.github.kusl.myweather.debug      W  handleResized abandoned!
2026-06-21 15:07:31.478 31535-31535 VRI[Pop-Up Window]      com.github.kusl.myweather.debug      W  handleResized abandoned!
2026-06-21 15:07:52.868 31535-31535 Quality                 com.github.kusl.myweather.debug      I  Skipped: false 1 cost 23.692429 refreshRate 16677726 bit true processName com.github.kusl.myweather.debug
2026-06-21 15:07:53.179 31535-31535 Quality                 com.github.kusl.myweather.debug      I  Skipped: false 1 cost 17.33194 refreshRate 16675614 bit true processName com.github.kusl.myweather.debug
2026-06-21 15:07:53.291 31535-31535 Quality                 com.github.kusl.myweather.debug      I  Skipped: false 1 cost 29.085722 refreshRate 16679144 bit true processName com.github.kusl.myweather.debug
2026-06-21 15:07:57.057 31535-31535 Quality                 com.github.kusl.myweather.debug      I  Skipped: false 4 cost 75.909904 refreshRate 16675078 bit true processName com.github.kusl.myweather.debug
2026-06-21 15:08:18.302 31535-31535 Quality                 com.github.kusl.myweather.debug      I  Skipped: false 1 cost 23.005163 refreshRate 16675933 bit true processName com.github.kusl.myweather.debug
2026-06-21 15:09:56.237 31535-31535 Quality                 com.github.kusl.myweather.debug      I  Skipped: false 4 cost 71.70342 refreshRate 16681263 bit true processName com.github.kusl.myweather.debug
2026-06-21 15:10:00.451 31535-31535 Quality                 com.github.kusl.myweather.debug      I  Skipped: false 2 cost 49.67034 refreshRate 16678898 bit true processName com.github.kusl.myweather.debug
2026-06-21 15:10:08.708 31535-31535 Quality                 com.github.kusl.myweather.debug      I  Skipped: false 16 cost 267.22522 refreshRate 16679723 bit true processName com.github.kusl.myweather.debug
2026-06-21 15:10:10.043 31535-31535 Quality                 com.github.kusl.myweather.debug      I  Skipped: false 16 cost 268.58377 refreshRate 16682109 bit true processName com.github.kusl.myweather.debug
2026-06-21 15:10:13.714 31535-31535 Quality                 com.github.kusl.myweather.debug      I  Skipped: false 3 cost 52.62716 refreshRate 16681321 bit true processName com.github.kusl.myweather.debug
2026-06-21 15:10:16.333 31535-31535 Quality                 com.github.kusl.myweather.debug      I  Skipped: true 1 cost 20.281788 refreshRate 16681114 bit true processName com.github.kusl.myweather.debug
2026-06-21 15:10:22.279 31535-31535 Quality                 com.github.kusl.myweather.debug      I  Skipped: false 2 cost 45.42396 refreshRate 16678739 bit true processName com.github.kusl.myweather.debug
2026-06-21 15:10:29.226 31535-31535 Quality                 com.github.kusl.myweather.debug      I  Skipped: false 3 cost 54.488235 refreshRate 16677850 bit true processName com.github.kusl.myweather.debug
2026-06-21 15:10:44.100 31535-31535 Quality                 com.github.kusl.myweather.debug      I  Skipped: false 3 cost 51.316547 refreshRate 16679693 bit true processName com.github.kusl.myweather.debug
2026-06-21 15:10:50.259 31535-31535 Quality                 com.github.kusl.myweather.debug      I  Skipped: true 1 cost 21.776035 refreshRate 16676924 bit true processName com.github.kusl.myweather.debug
2026-06-21 15:10:50.458 31535-31535 Quality                 com.github.kusl.myweather.debug      I  Skipped: false 9 cost 154.67245 refreshRate 16680266 bit true processName com.github.kusl.myweather.debug
2026-06-21 15:10:51.066 31535-31535 Quality                 com.github.kusl.myweather.debug      I  Skipped: false 2 cost 45.306015 refreshRate 16679761 bit true processName com.github.kusl.myweather.debug
2026-06-21 15:11:37.842  1876-2513  OplusThermalStats       system_server                        E  Error getting package info: com.github.kusl.myweather.debug
2026-06-21 15:11:37.845 31535-31535 ActivityThread          com.github.kusl.myweather.debug      D  ComponentInfo{com.github.kusl.myweather.debug/com.kusl.myweather.MainActivity} checkFinished=false 4
2026-06-21 15:11:37.845 31535-31535 ResourcesManagerExtImpl com.github.kusl.myweather.debug      D  applyConfigurationToAppResourcesLocked app.getDisplayId() return callback.displayId:-1
2026-06-21 15:12:05.763 31535-31535 Quality                 com.github.kusl.myweather.debug      I  Skipped: false 15 cost 256.62692 refreshRate 16674667 bit true processName com.github.kusl.myweather.debug
2026-06-21 15:12:06.021 31535-31535 Quality                 com.github.kusl.myweather.debug      I  Skipped: false 14 cost 247.6072 refreshRate 16678844 bit true processName com.github.kusl.myweather.debug
2026-06-21 15:12:06.521 31535-31535 Quality                 com.github.kusl.myweather.debug      I  Skipped: false 17 cost 296.98465 refreshRate 16678890 bit true processName com.github.kusl.myweather.debug
2026-06-21 15:12:16.413 31535-31535 Quality                 com.github.kusl.myweather.debug      I  Skipped: false 1 cost 32.292397 refreshRate 16673523 bit true processName com.github.kusl.myweather.debug
2026-06-21 15:12:31.513 31535-31535 Quality                 com.github.kusl.myweather.debug      I  Skipped: true 1 cost 20.7557 refreshRate 16675925 bit true processName com.github.kusl.myweather.debug
2026-06-21 15:12:31.562 31535-31535 Quality                 com.github.kusl.myweather.debug      I  Skipped: false 2 cost 36.540737 refreshRate 16678602 bit true processName com.github.kusl.myweather.debug
2026-06-21 15:12:31.654 31535-31535 Quality                 com.github.kusl.myweather.debug      I  Skipped: false 2 cost 45.36791 refreshRate 16676823 bit true processName com.github.kusl.myweather.debug
2026-06-21 15:12:32.278 31535-31535 Quality                 com.github.kusl.myweather.debug      I  Skipped: false 2 cost 36.124237 refreshRate 16674247 bit true processName com.github.kusl.myweather.debug
2026-06-21 15:12:35.516 31535-31535 ActivityThread          com.github.kusl.myweather.debug      D  ComponentInfo{com.github.kusl.myweather.debug/com.kusl.myweather.MainActivity} checkFinished=false 4
2026-06-21 15:12:35.516 31535-31535 ResourcesManagerExtImpl com.github.kusl.myweather.debug      D  applyConfigurationToAppResourcesLocked app.getDisplayId() return callback.displayId:-1
2026-06-21 15:12:35.519  1876-2513  OplusThermalStats       system_server                        E  Error getting package info: com.github.kusl.myweather.debug
2026-06-21 15:12:36.555 31535-31535 Quality                 com.github.kusl.myweather.debug      I  Skipped: false 8 cost 142.60449 refreshRate 16675681 bit true processName com.github.kusl.myweather.debug
2026-06-21 15:13:58.747 31535-31535 Quality                 com.github.kusl.myweather.debug      I  Skipped: false 13 cost 226.77849 refreshRate 16677593 bit true processName com.github.kusl.myweather.debug
2026-06-21 15:13:58.953 31535-31535 Quality                 com.github.kusl.myweather.debug      I  Skipped: false 11 cost 199.56133 refreshRate 16675984 bit true processName com.github.kusl.myweather.debug
2026-06-21 15:13:59.302 31535-31535 Quality                 com.github.kusl.myweather.debug      I  Skipped: false 11 cost 197.7138 refreshRate 16677972 bit true processName com.github.kusl.myweather.debug
2026-06-21 15:14:03.742 31535-31535 Quality                 com.github.kusl.myweather.debug      I  Skipped: false 1 cost 18.065763 refreshRate 16680183 bit true processName com.github.kusl.myweather.debug
2026-06-21 15:14:03.921 31535-31535 Quality                 com.github.kusl.myweather.debug      I  Skipped: false 8 cost 147.30984 refreshRate 16677479 bit true processName com.github.kusl.myweather.debug
2026-06-21 15:14:03.941 31535-31535 Quality                 com.github.kusl.myweather.debug      I  Skipped: false 1 cost 17.004635 refreshRate 16685615 bit true processName com.github.kusl.myweather.debug
2026-06-21 15:14:04.536 31535-31535 Quality                 com.github.kusl.myweather.debug      I  Skipped: false 1 cost 28.59022 refreshRate 16675509 bit true processName com.github.kusl.myweather.debug
2026-06-21 15:14:33.923 31535-31535 Quality                 com.github.kusl.myweather.debug      I  Skipped: false 13 cost 227.48555 refreshRate 16675034 bit true processName com.github.kusl.myweather.debug
2026-06-21 15:14:34.127 31535-31535 Quality                 com.github.kusl.myweather.debug      I  Skipped: false 11 cost 197.8907 refreshRate 16684352 bit true processName com.github.kusl.myweather.debug
2026-06-21 15:14:34.474 31535-31535 Quality                 com.github.kusl.myweather.debug      I  Skipped: false 12 cost 211.67316 refreshRate 16677272 bit true processName com.github.kusl.myweather.debug
2026-06-21 15:14:34.515 31535-31535 Quality                 com.github.kusl.myweather.debug      I  Skipped: false 1 cost 19.803335 refreshRate 16678700 bit true processName com.github.kusl.myweather.debug
2026-06-21 15:14:39.435 31535-31535 Quality                 com.github.kusl.myweather.debug      I  Skipped: false 8 cost 135.96951 refreshRate 16677701 bit true processName com.github.kusl.myweather.debug
2026-06-21 15:14:40.054 31535-31535 Quality                 com.github.kusl.myweather.debug      I  Skipped: false 1 cost 21.33098 refreshRate 16681374 bit true processName com.github.kusl.myweather.debug
2026-06-21 15:14:43.511 31535-31535 Quality                 com.github.kusl.myweather.debug      I  Skipped: true 1 cost 26.03771 refreshRate 16675028 bit true processName com.github.kusl.myweather.debug
2026-06-21 15:14:43.760 31535-31535 Quality                 com.github.kusl.myweather.debug      I  Skipped: false 13 cost 225.03522 refreshRate 16680381 bit true processName com.github.kusl.myweather.debug
2026-06-21 15:14:43.952 31535-31535 Quality                 com.github.kusl.myweather.debug      I  Skipped: false 10 cost 183.06752 refreshRate 16672469 bit true processName com.github.kusl.myweather.debug
2026-06-21 15:14:44.269 31535-31535 Quality                 com.github.kusl.myweather.debug      I  Skipped: false 10 cost 183.14046 refreshRate 16670783 bit true processName com.github.kusl.myweather.debug
2026-06-21 15:14:46.947 31535-31535 Quality                 com.github.kusl.myweather.debug      I  Skipped: true 1 cost 25.212471 refreshRate 16681912 bit true processName com.github.kusl.myweather.debug
2026-06-21 15:14:46.973 31535-31535 Quality                 com.github.kusl.myweather.debug      I  Skipped: true 1 cost 18.124737 refreshRate 16681977 bit true processName com.github.kusl.myweather.debug
2026-06-21 15:14:47.128 31535-31535 Quality                 com.github.kusl.myweather.debug      I  Skipped: false 8 cost 140.45348 refreshRate 16680536 bit true processName com.github.kusl.myweather.debug
2026-06-21 15:14:47.743 31535-31535 Quality                 com.github.kusl.myweather.debug      I  Skipped: false 1 cost 21.20308 refreshRate 16688149 bit true processName com.github.kusl.myweather.debug
2026-06-21 15:14:50.315 31535-31535 Quality                 com.github.kusl.myweather.debug      I  Skipped: false 13 cost 224.6183 refreshRate 16675862 bit true processName com.github.kusl.myweather.debug
2026-06-21 15:14:50.499 31535-31535 Quality                 com.github.kusl.myweather.debug      I  Skipped: false 10 cost 176.00179 refreshRate 16675083 bit true processName com.github.kusl.myweather.debug
2026-06-21 15:14:50.814 31535-31535 Quality                 com.github.kusl.myweather.debug      I  Skipped: false 11 cost 189.94543 refreshRate 16680304 bit true processName com.github.kusl.myweather.debug
2026-06-21 15:14:52.667 31535-31535 Quality                 com.github.kusl.myweather.debug      I  Skipped: false 8 cost 141.83873 refreshRate 16675524 bit true processName com.github.kusl.myweather.debug
2026-06-21 15:14:53.265 31535-31535 Quality                 com.github.kusl.myweather.debug      I  Skipped: true 1 cost 23.302275 refreshRate 16673228 bit true processName com.github.kusl.myweather.debug
2026-06-21 15:14:54.914 31535-31535 Quality                 com.github.kusl.myweather.debug      I  Skipped: true 1 cost 20.716318 refreshRate 16681759 bit true processName com.github.kusl.myweather.debug
2026-06-21 15:14:55.145 31535-31535 Quality                 com.github.kusl.myweather.debug      I  Skipped: false 13 cost 217.86401 refreshRate 16681074 bit true processName com.github.kusl.myweather.debug
2026-06-21 15:14:55.338 31535-31535 Quality                 com.github.kusl.myweather.debug      I  Skipped: false 10 cost 177.11987 refreshRate 16689029 bit true processName com.github.kusl.myweather.debug
2026-06-21 15:14:55.633 31535-31535 Quality                 com.github.kusl.myweather.debug      I  Skipped: false 10 cost 172.21646 refreshRate 16669246 bit true processName com.github.kusl.myweather.debug
2026-06-21 15:14:58.081 31535-31535 Quality                 com.github.kusl.myweather.debug      I  Skipped: false 1 cost 18.978453 refreshRate 16672587 bit true processName com.github.kusl.myweather.debug
2026-06-21 15:14:58.263 31535-31535 Quality                 com.github.kusl.myweather.debug      I  Skipped: false 9 cost 150.7977 refreshRate 16678912 bit true processName com.github.kusl.myweather.debug
--------- beginning of main
2026-06-21 15:14:58.869 31535-31535 Quality                 com.github.kusl.myweather.debug      I  Skipped: false 1 cost 22.587772 refreshRate 16672127 bit true processName com.github.kusl.myweather.debug
2026-06-21 15:15:00.304 31535-31535 AutofillManager         com.github.kusl.myweather.debug      V  requestHideFillUi(null): anchor = null
2026-06-21 15:15:00.457 31535-31535 ViewRootImplExtImpl     com.github.kusl.myweather.debug      D  MotionEvent MotionEvent { action=ACTION_UP, actionButton=0, id[0]=0, x[0]=178.25, y[0]=2282.75, toolType[0]=TOOL_TYPE_FINGER, buttonState=0, classification=NONE, metaState=0, flags=0x0, edgeFlags=0x0, pointerCount=1, historySize=0, eventTime=2186358534, downTime=2186358392, deviceId=2, source=0x1002, displayId=0, eventId=552548702 } handled by client, just return
2026-06-21 15:15:00.710 31535-31535 MyWeather               com.github.kusl.myweather.debug      I  [Dashboard] load 37.0811,-76.4280
2026-06-21 15:15:00.713 31535-31535 Quality                 com.github.kusl.myweather.debug      I  Skipped: false 12 cost 215.36813 refreshRate 16680182 bit true processName com.github.kusl.myweather.debug
2026-06-21 15:15:00.894 31535-31535 MyWeather               com.github.kusl.myweather.debug      I  [WeatherRepository] area for 37.0811,-76.4280 r=2
2026-06-21 15:15:00.896 31535-31535 Quality                 com.github.kusl.myweather.debug      I  Skipped: false 9 cost 164.93275 refreshRate 16674003 bit true processName com.github.kusl.myweather.debug
2026-06-21 15:15:01.005 31535-31535 MyWeather               com.github.kusl.myweather.debug      I  [WeatherRepository] assembled AKQ/84,61 tiles=25 cache=false
2026-06-21 15:15:01.204 31535-31535 Quality                 com.github.kusl.myweather.debug      I  Skipped: false 10 cost 172.8932 refreshRate 16678988 bit true processName com.github.kusl.myweather.debug
2026-06-21 15:15:03.476 31535-31535 AutofillManager         com.github.kusl.myweather.debug      V  requestHideFillUi(null): anchor = null
2026-06-21 15:15:03.626 31535-31535 ViewRootImplExtImpl     com.github.kusl.myweather.debug      D  MotionEvent MotionEvent { action=ACTION_UP, actionButton=0, id[0]=0, x[0]=834.0, y[0]=2327.5, toolType[0]=TOOL_TYPE_FINGER, buttonState=0, classification=NONE, metaState=0, flags=0x0, edgeFlags=0x0, pointerCount=1, historySize=0, eventTime=2186361709, downTime=2186361564, deviceId=2, source=0x1002, displayId=0, eventId=724985074 } handled by client, just return
2026-06-21 15:15:03.817 31535-31535 Quality                 com.github.kusl.myweather.debug      I  Skipped: false 8 cost 134.11752 refreshRate 16677621 bit true processName com.github.kusl.myweather.debug
2026-06-21 15:15:06.605 31535-31535 AutofillManager         com.github.kusl.myweather.debug      V  requestHideFillUi(null): anchor = null
2026-06-21 15:15:06.756 31535-31535 ViewRootImplExtImpl     com.github.kusl.myweather.debug      D  MotionEvent MotionEvent { action=ACTION_UP, actionButton=0, id[0]=0, x[0]=164.0, y[0]=2281.25, toolType[0]=TOOL_TYPE_FINGER, buttonState=0, classification=NONE, metaState=0, flags=0x0, edgeFlags=0x0, pointerCount=1, historySize=0, eventTime=2186364830, downTime=2186364693, deviceId=2, source=0x1002, displayId=0, eventId=718577097 } handled by client, just return
2026-06-21 15:15:06.990 31535-31535 MyWeather               com.github.kusl.myweather.debug      I  [Dashboard] load 37.0811,-76.4280
2026-06-21 15:15:06.993 31535-31535 Quality                 com.github.kusl.myweather.debug      I  Skipped: false 12 cost 208.08284 refreshRate 16676397 bit true processName com.github.kusl.myweather.debug
2026-06-21 15:15:07.166 31535-31535 MyWeather               com.github.kusl.myweather.debug      I  [WeatherRepository] area for 37.0811,-76.4280 r=2
2026-06-21 15:15:07.168 31535-31535 Quality                 com.github.kusl.myweather.debug      I  Skipped: false 9 cost 166.18565 refreshRate 16672169 bit true processName com.github.kusl.myweather.debug
2026-06-21 15:15:07.260 31535-31535 MyWeather               com.github.kusl.myweather.debug      I  [WeatherRepository] assembled AKQ/84,61 tiles=25 cache=false
2026-06-21 15:15:07.451 31535-31535 Quality                 com.github.kusl.myweather.debug      I  Skipped: false 9 cost 165.30556 refreshRate 16678743 bit true processName com.github.kusl.myweather.debug
2026-06-21 15:15:07.519 31535-31535 Quality                 com.github.kusl.myweather.debug      I  Skipped: false 1 cost 17.015663 refreshRate 16676766 bit true processName com.github.kusl.myweather.debug
2026-06-21 15:15:09.075 31535-31535 AutofillManager         com.github.kusl.myweather.debug      V  requestHideFillUi(null): anchor = null
2026-06-21 15:15:09.232 31535-31535 ViewRootImplExtImpl     com.github.kusl.myweather.debug      D  MotionEvent MotionEvent { action=ACTION_UP, actionButton=0, id[0]=0, x[0]=836.0, y[0]=2316.75, toolType[0]=TOOL_TYPE_FINGER, buttonState=0, classification=NONE, metaState=0, flags=0x0, edgeFlags=0x0, pointerCount=1, historySize=0, eventTime=2186367315, downTime=2186367165, deviceId=2, source=0x1002, displayId=0, eventId=373410283 } handled by client, just return
2026-06-21 15:15:09.427 31535-31535 Quality                 com.github.kusl.myweather.debug      I  Skipped: false 9 cost 157.22862 refreshRate 16678230 bit true processName com.github.kusl.myweather.debug
2026-06-21 15:15:10.025 31535-31535 Quality                 com.github.kusl.myweather.debug      I  Skipped: false 1 cost 20.543167 refreshRate 16676420 bit true processName com.github.kusl.myweather.debug
2026-06-21 15:15:11.028 31535-31535 AutofillManager         com.github.kusl.myweather.debug      V  requestHideFillUi(null): anchor = null
2026-06-21 15:15:11.146 31535-31535 ViewRootImplExtImpl     com.github.kusl.myweather.debug      D  MotionEvent MotionEvent { action=ACTION_UP, actionButton=0, id[0]=0, x[0]=165.75, y[0]=2275.0, toolType[0]=TOOL_TYPE_FINGER, buttonState=0, classification=NONE, metaState=0, flags=0x0, edgeFlags=0x0, pointerCount=1, historySize=0, eventTime=2186369225, downTime=2186369116, deviceId=2, source=0x1002, displayId=0, eventId=775254091 } handled by client, just return
2026-06-21 15:15:11.389 31535-31535 MyWeather               com.github.kusl.myweather.debug      I  [Dashboard] load 37.0811,-76.4280
2026-06-21 15:15:11.393 31535-31535 Quality                 com.github.kusl.myweather.debug      I  Skipped: false 12 cost 204.37134 refreshRate 16672964 bit true processName com.github.kusl.myweather.debug
2026-06-21 15:15:11.557 31535-31535 MyWeather               com.github.kusl.myweather.debug      I  [WeatherRepository] area for 37.0811,-76.4280 r=2
2026-06-21 15:15:11.559 31535-31535 Quality                 com.github.kusl.myweather.debug      I  Skipped: false 9 cost 154.06602 refreshRate 16680347 bit true processName com.github.kusl.myweather.debug
2026-06-21 15:15:11.701 31535-31535 MyWeather               com.github.kusl.myweather.debug      I  [WeatherRepository] assembled AKQ/84,61 tiles=25 cache=false
2026-06-21 15:15:11.883 31535-31535 Quality                 com.github.kusl.myweather.debug      I  Skipped: false 9 cost 160.60991 refreshRate 16681094 bit true processName com.github.kusl.myweather.debug
2026-06-21 15:15:47.140 31535-31535 AutofillManager         com.github.kusl.myweather.debug      V  requestHideFillUi(null): anchor = null
2026-06-21 15:15:47.181 31535-31535 ViewRootImplExtImpl     com.github.kusl.myweather.debug      D  MotionEvent MotionEvent { action=ACTION_UP, actionButton=0, id[0]=0, x[0]=881.75, y[0]=2339.25, toolType[0]=TOOL_TYPE_FINGER, buttonState=0, classification=NONE, metaState=0, flags=0x0, edgeFlags=0x0, pointerCount=1, historySize=0, eventTime=2186405266, downTime=2186405229, deviceId=2, source=0x1002, displayId=0, eventId=80499133 } handled by client, just return
2026-06-21 15:15:47.342 31535-31535 Quality                 com.github.kusl.myweather.debug      I  Skipped: false 7 cost 127.85984 refreshRate 16666718 bit true processName com.github.kusl.myweather.debug
2026-06-21 15:15:47.967 31535-31535 Quality                 com.github.kusl.myweather.debug      I  Skipped: false 1 cost 19.386675 refreshRate 16673447 bit true processName com.github.kusl.myweather.debug
2026-06-21 15:15:55.174 31535-31535 AutofillManager         com.github.kusl.myweather.debug      V  requestHideFillUi(null): anchor = null
2026-06-21 15:15:55.315 31535-31535 ViewRootImplExtImpl     com.github.kusl.myweather.debug      D  MotionEvent MotionEvent { action=ACTION_UP, actionButton=0, id[0]=0, x[0]=166.0, y[0]=2285.5, toolType[0]=TOOL_TYPE_FINGER, buttonState=0, classification=NONE, metaState=0, flags=0x0, edgeFlags=0x0, pointerCount=1, historySize=0, eventTime=2186413394, downTime=2186413262, deviceId=2, source=0x1002, displayId=0, eventId=303528981 } handled by client, just return
2026-06-21 15:15:55.342 31535-31535 Quality                 com.github.kusl.myweather.debug      I  Skipped: true 1 cost 22.589571 refreshRate 16676750 bit true processName com.github.kusl.myweather.debug
2026-06-21 15:15:55.556 31535-31535 MyWeather               com.github.kusl.myweather.debug      I  [Dashboard] load 37.0811,-76.4280
2026-06-21 15:15:55.559 31535-31535 Quality                 com.github.kusl.myweather.debug      I  Skipped: false 12 cost 206.145 refreshRate 16675579 bit true processName com.github.kusl.myweather.debug
2026-06-21 15:15:55.732 31535-31535 MyWeather               com.github.kusl.myweather.debug      I  [WeatherRepository] area for 37.0811,-76.4280 r=2
2026-06-21 15:15:55.734 31535-31535 Quality                 com.github.kusl.myweather.debug      I  Skipped: false 9 cost 163.98007 refreshRate 16682616 bit true processName com.github.kusl.myweather.debug
2026-06-21 15:15:55.829 31535-31535 MyWeather               com.github.kusl.myweather.debug      I  [WeatherRepository] assembled AKQ/84,61 tiles=25 cache=false
2026-06-21 15:15:56.034 31535-31535 Quality                 com.github.kusl.myweather.debug      I  Skipped: false 10 cost 180.5471 refreshRate 16678440 bit true processName com.github.kusl.myweather.debug
2026-06-21 15:15:56.088 31535-31535 Quality                 com.github.kusl.myweather.debug      I  Skipped: false 1 cost 17.520912 refreshRate 16678027 bit true processName com.github.kusl.myweather.debug
2026-06-21 15:15:57.102 31535-31535 AutofillManager         com.github.kusl.myweather.debug      V  requestHideFillUi(null): anchor = null
2026-06-21 15:15:57.115 31535-31535 ViewRootImplExtImpl     com.github.kusl.myweather.debug      D  MotionEvent MotionEvent { action=ACTION_UP, actionButton=0, id[0]=0, x[0]=824.0, y[0]=2354.5, toolType[0]=TOOL_TYPE_FINGER, buttonState=0, classification=NONE, metaState=0, flags=0x0, edgeFlags=0x0, pointerCount=1, historySize=0, eventTime=2186415176, downTime=2186415014, deviceId=2, source=0x1002, displayId=0, eventId=850901349 } handled by client, just return
2026-06-21 15:15:57.292 31535-31535 Quality                 com.github.kusl.myweather.debug      I  Skipped: false 8 cost 137.47719 refreshRate 16680867 bit true processName com.github.kusl.myweather.debug
2026-06-21 15:15:57.911 31535-31535 Quality                 com.github.kusl.myweather.debug      I  Skipped: false 1 cost 23.403156 refreshRate 16679403 bit true processName com.github.kusl.myweather.debug
2026-06-21 15:17:09.137 31535-31535 AutofillManager         com.github.kusl.myweather.debug      V  requestHideFillUi(null): anchor = null
2026-06-21 15:17:09.287 31535-31535 ViewRootImplExtImpl     com.github.kusl.myweather.debug      D  MotionEvent MotionEvent { action=ACTION_UP, actionButton=0, id[0]=0, x[0]=224.5, y[0]=2287.75, toolType[0]=TOOL_TYPE_FINGER, buttonState=0, classification=NONE, metaState=0, flags=0x0, edgeFlags=0x0, pointerCount=1, historySize=0, eventTime=2186487363, downTime=2186487225, deviceId=2, source=0x1002, displayId=0, eventId=265563987 } handled by client, just return
2026-06-21 15:17:09.306 31535-31535 Quality                 com.github.kusl.myweather.debug      I  Skipped: true 1 cost 17.603151 refreshRate 16676901 bit true processName com.github.kusl.myweather.debug
2026-06-21 15:17:09.510 31535-31535 MyWeather               com.github.kusl.myweather.debug      I  [Dashboard] load 37.0811,-76.4280
2026-06-21 15:17:09.513 31535-31535 Quality                 com.github.kusl.myweather.debug      I  Skipped: false 11 cost 191.05083 refreshRate 16679929 bit true processName com.github.kusl.myweather.debug
2026-06-21 15:17:09.685 31535-31535 MyWeather               com.github.kusl.myweather.debug      I  [WeatherRepository] area for 37.0811,-76.4280 r=2
2026-06-21 15:17:09.687 31535-31535 Quality                 com.github.kusl.myweather.debug      I  Skipped: false 9 cost 164.54784 refreshRate 16674640 bit true processName com.github.kusl.myweather.debug
2026-06-21 15:17:09.799 31535-31535 MyWeather               com.github.kusl.myweather.debug      I  [WeatherRepository] assembled AKQ/84,61 tiles=25 cache=false
2026-06-21 15:17:09.954 31535-31551 myweather.debug         com.github.kusl.myweather.debug      I  Background concurrent copying GC freed 12MB AllocSpace bytes, 14(536KB) LOS objects, 49% free, 12MB/24MB, paused 125us,94us total 115.765ms
2026-06-21 15:17:09.991 31535-31535 Quality                 com.github.kusl.myweather.debug      I  Skipped: false 10 cost 168.30548 refreshRate 16672825 bit true processName com.github.kusl.myweather.debug
2026-06-21 15:17:10.060 31535-31535 Quality                 com.github.kusl.myweather.debug      I  Skipped: false 1 cost 21.289568 refreshRate 16677747 bit true processName com.github.kusl.myweather.debug
2026-06-21 15:24:17.427 31535-31535 AutofillManager         com.github.kusl.myweather.debug      V  requestHideFillUi(null): anchor = null
2026-06-21 15:24:17.542 31535-31535 ViewRootImplExtImpl     com.github.kusl.myweather.debug      D  MotionEvent MotionEvent { action=ACTION_UP, actionButton=0, id[0]=0, x[0]=857.5, y[0]=2327.25, toolType[0]=TOOL_TYPE_FINGER, buttonState=0, classification=NONE, metaState=0, flags=0x0, edgeFlags=0x0, pointerCount=1, historySize=0, eventTime=2186915620, downTime=2186915515, deviceId=2, source=0x1002, displayId=0, eventId=388168892 } handled by client, just return
2026-06-21 15:24:17.710 31535-31535 Quality                 com.github.kusl.myweather.debug      I  Skipped: false 7 cost 118.40222 refreshRate 16679799 bit true processName com.github.kusl.myweather.debug
2026-06-21 15:24:18.347 31535-31535 Quality                 com.github.kusl.myweather.debug      I  Skipped: false 1 cost 20.996548 refreshRate 16677613 bit true processName com.github.kusl.myweather.debug
2026-06-21 15:24:20.130 31535-31535 AutofillManager         com.github.kusl.myweather.debug      V  requestHideFillUi(null): anchor = null
2026-06-21 15:24:20.192 31535-31535 ViewRootImplExtImpl     com.github.kusl.myweather.debug      D  MotionEvent MotionEvent { action=ACTION_UP, actionButton=0, id[0]=0, x[0]=186.75, y[0]=2283.25, toolType[0]=TOOL_TYPE_FINGER, buttonState=0, classification=NONE, metaState=0, flags=0x0, edgeFlags=0x0, pointerCount=1, historySize=0, eventTime=2186918271, downTime=2186918219, deviceId=2, source=0x1002, displayId=0, eventId=544463067 } handled by client, just return
2026-06-21 15:24:20.426 31535-31535 MyWeather               com.github.kusl.myweather.debug      I  [Dashboard] load 37.0811,-76.4280
2026-06-21 15:24:20.428 31535-31535 Quality                 com.github.kusl.myweather.debug      I  Skipped: false 12 cost 201.42274 refreshRate 16674562 bit true processName com.github.kusl.myweather.debug
2026-06-21 15:24:20.583 31535-31535 MyWeather               com.github.kusl.myweather.debug      I  [WeatherRepository] area for 37.0811,-76.4280 r=2
2026-06-21 15:24:20.587 31535-31535 Quality                 com.github.kusl.myweather.debug      I  Skipped: false 8 cost 142.687 refreshRate 16687650 bit true processName com.github.kusl.myweather.debug
2026-06-21 15:25:42.425 31535-31535 myweather.debug         com.github.kusl.myweather.debug      W  Suspending all threads took: 5.372ms
2026-06-21 15:25:42.479 31535-31571 OpenGLRenderer          com.github.kusl.myweather.debug      I  Davey! duration=75308ms; Flags=2, FrameTimelineVsyncId=96124044, IntendedVsync=2186925240640893, Vsync=2186925240640893, InputEventId=0, HandleInputStart=2186925240640893, AnimationStart=2186925240640893, PerformTraversalsStart=2186925240640893, DrawStart=2186925240640893, FrameDeadline=2186925273839809, FrameInterval=2186925240640893, FrameStartTime=16675356, SyncQueued=2186925244970648, SyncStart=2186925244971950, IssueDrawCommandsStart=2187000540952650, SwapBuffers=2187000542972494, FrameCompleted=2187000549087650, DequeueBufferDuration=68229, QueueBufferDuration=1245156, GpuCompleted=2187000549087650, SwapBuffersCompleted=2187000545297390, DisplayPresentTime=2186923288253565, CommandSubmissionCompleted=2187000542972494, 
2026-06-21 15:25:49.731 31535-31535 myweather.debug         com.github.kusl.myweather.debug      W  Suspending all threads took: 12.299ms
2026-06-21 15:26:02.390 31535-3314  Quality                 com.github.kusl.myweather.debug      I  stackInfo :----- pid 31535 at 2026-06-21 15:25:42.449 -----;Cmd line: com.github.kusl.myweather.debug;"main" prio=5 tid=2 RUNNABLE sysTid=31535;  at kotlinx.serialization.json.internal.StringJsonLexer.consumeKeyString(StringJsonLexer.kt:105);  at kotlinx.serialization.json.internal.AbstractJsonLexer.consumeString(AbstractJsonLexer.kt:372);  at kotlinx.serialization.json.internal.AbstractJsonLexer.consumeStringLenient(AbstractJsonLexer.kt:452);  at kotlinx.serialization.json.internal.AbstractJsonLexer.consumeStringLenientNotNull(AbstractJsonLexer.kt:428);  at kotlinx.serialization.json.internal.StreamingJsonDecoder.decodeString(StreamingJsonDecoder.kt:338);  at kotlinx.serialization.encoding.AbstractDecoder.decodeStringElement(AbstractDecoder.kt:58);  at com.kusl.myweather.domain.model.ForecastPeriod$$serializer.deserialize(Forecast.kt:8);  at com.kusl.myweather.domain.model.ForecastPeriod$$serializer.deserialize(Forecast.kt:8);  at kotlinx.serialization.json.internal.StreamingJsonDecoder.decodeSerializableValue(StreamingJsonDecoder.kt:69);  at kotlinx.serialization.encoding.AbstractDecoder.decodeSerializableValue(AbstractDecoder.kt:43);  at kotlinx.serialization.encoding.AbstractDecoder.decodeSerializableElement(AbstractDecoder.kt:70);  at kotlinx.serialization.json.internal.StreamingJsonDecoder.decodeSerializableElement(StreamingJsonDecoder.kt:168);  at kotlinx.serialization.encoding.CompositeDecoder.decodeSerializableElement$default(Decoding.kt:539);  at kotlinx.serialization.internal.CollectionLikeSerializer.readElement(CollectionSerializers.kt:80);  at kotlinx.serialization.internal.AbstractCollectionSerializer.readElement$default(CollectionSerializers.kt:51);  at kotlinx.serialization.internal.AbstractCollectionSerializer.merge(CollectionSerializers.kt:36);  at kotlinx.serialization.internal.AbstractCollectionSerializer.deserialize(CollectionSerializers.kt:43);  at kotlinx.serialization.json.internal.StreamingJsonDecoder.decodeSerializableValue(StreamingJsonDecoder.kt:69);  at kotlinx.serialization.encoding.AbstractDecoder.decodeSerializableValue(AbstractDecoder.kt:43);  at kotlinx.serialization.encoding.AbstractDecoder.decodeSerializableElement(AbstractDecoder.kt:70);  at kotlinx.serialization.json.internal.StreamingJsonDecoder.decodeSerializableElement(StreamingJsonDecoder.kt:168);  at com.kusl.myweather.domain.model.Forecast$$serializer.deserialize(Forecast.kt:29);  at com.kusl.myweather.domain.model.Forecast$$serializer.deserialize(Forecast.kt:29);  at kotlinx.serialization.json.internal.StreamingJsonDecoder.decodeSerializableValue(StreamingJsonDecoder.kt:69);  at kotlinx.serialization.json.Json.decodeFromString(Json.kt:149);  at com.kusl.myweather.data.WeatherRepositoryImplKt.decodeForecast(WeatherRepositoryImpl.kt:319);  at com.kusl.myweather.data.WeatherRepositoryImplKt.access$decodeForecast(WeatherRepositoryImpl.kt:1);  at com.kusl.myweather.data.WeatherRepositoryImpl.fetchForecast(WeatherRepositoryImpl.kt:206);  at com.kusl.myweather.data.WeatherRepositoryImpl.access$fetchForecast(WeatherRepositoryImpl.kt:39);  at com.kusl.myweather.data.WeatherRepositoryImpl$fetchForecast$1.invokeSuspend(Unknown Source:15);
2026-06-21 15:26:22.905 31535-31535 ANR_LOG                 com.github.kusl.myweather.debug      E  Entry{target='android.os.Handler', callback='DispatchedContinuation', messageName='android.os.Handler', wall=122301', mWhen=2186918691, mArg1=0, mArg2=0, mWhat=0, mCount=0
2026-06-21 15:26:22.927 31535-31706 Quality                 com.github.kusl.myweather.debug      I  Blocked msg = Package name: com.github.kusl.myweather.debug [ schedGroup: 5 schedPolicy: 0 ] process the message: { when=-2m2s315ms what=0 target=android.os.Handler callback=kotlinx.coroutines.internal.DispatchedContinuation } took 122315 ms
2026-06-21 15:26:22.927 31535-31535 Choreographer           com.github.kusl.myweather.debug      I  Skipped 7337 frames!  The application may be doing too much work on its main thread.
2026-06-21 15:26:22.928 31535-31535 Quality                 com.github.kusl.myweather.debug      I  Skipped: false 7337 cost 122316.58 refreshRate 16669703 bit true processName com.github.kusl.myweather.debug
2026-06-21 15:26:22.929 31535-3314  Quality                 com.github.kusl.myweather.debug      I  stackInfo :----- pid 31535 at 2026-06-21 15:26:18.475 -----;Cmd line: com.github.kusl.myweather.debug;"main" prio=5 tid=2 RUNNABLE sysTid=31535;  at android.os.LooperMessageSuperviser.setForebackStatus(LooperMessageSuperviser.java:344);  at android.os.LooperExtImpl.stopLooperMessageMonitor(LooperExtImpl.java:85);  at android.os.Looper.loopOnce(Looper.java:288);  at android.os.Looper.loop(Looper.java:368);  at android.app.ActivityThread.main(ActivityThread.java:8826);  at java.lang.reflect.Method.invoke(Native Method);  at com.android.internal.os.RuntimeInit$MethodAndArgsCaller.run(RuntimeInit.java:572);  at com.android.internal.os.ZygoteInit.main(ZygoteInit.java:1049);
2026-06-21 15:26:22.972 31535-31571 OpenGLRenderer          com.github.kusl.myweather.debug      I  Davey! duration=122340ms; Flags=0, FrameTimelineVsyncId=96118704, IntendedVsync=2186918702674267, Vsync=2187041008285178, InputEventId=0, HandleInputStart=2187041023506593, AnimationStart=2187041023519978, PerformTraversalsStart=2187041033025083, DrawStart=2187041033439406, FrameDeadline=2187000579890611, FrameInterval=2187041019252635, FrameStartTime=16675458, SyncQueued=2187041037958364, SyncStart=2187041038108312, IssueDrawCommandsStart=2187041038270812, SwapBuffers=2187041039769145, FrameCompleted=2187041043713156, DequeueBufferDuration=42291, QueueBufferDuration=419063, GpuCompleted=2187041043713156, SwapBuffersCompleted=2187041040729249, DisplayPresentTime=2186923304899971, CommandSubmissionCompleted=2187041039769145, 
2026-06-21 15:26:23.030 31535-31535 Quality                 com.github.kusl.myweather.debug      I  Skipped: false 4 cost 82.76879 refreshRate 16679410 bit true processName com.github.kusl.myweather.debug
2026-06-21 15:26:23.197 31535-31535 Quality                 com.github.kusl.myweather.debug      I  Skipped: false 8 cost 149.40555 refreshRate 16667982 bit true processName com.github.kusl.myweather.debug
2026-06-21 15:26:23.261 31535-31535 Quality                 com.github.kusl.myweather.debug      I  Skipped: true 2 cost 46.538094 refreshRate 16677019 bit true processName com.github.kusl.myweather.debug
2026-06-21 15:26:23.266 31535-5425  OkHttp                  com.github.kusl.myweather.debug      I  --> GET https://api.weather.gov/gridpoints/AKQ/84,60/forecast
2026-06-21 15:26:23.305 31535-31535 Quality                 com.github.kusl.myweather.debug      I  Skipped: true 2 cost 40.314697 refreshRate 16683946 bit true processName com.github.kusl.myweather.debug
2026-06-21 15:26:23.341 31535-31535 Quality                 com.github.kusl.myweather.debug      I  Skipped: true 1 cost 26.562218 refreshRate 16681884 bit true processName com.github.kusl.myweather.debug
2026-06-21 15:26:23.375 31535-31535 Quality                 com.github.kusl.myweather.debug      I  Skipped: true 1 cost 26.878033 refreshRate 16679757 bit true processName com.github.kusl.myweather.debug
2026-06-21 15:26:23.404 31535-31535 Quality                 com.github.kusl.myweather.debug      I  Skipped: true 1 cost 23.199564 refreshRate 16678205 bit true processName com.github.kusl.myweather.debug
2026-06-21 15:26:23.763 31535-5425  OkHttp                  com.github.kusl.myweather.debug      I  <-- 200 https://api.weather.gov/gridpoints/AKQ/84,60/forecast (496ms, unknown-length body)
2026-06-21 15:26:23.826 31535-31535 MyWeather               com.github.kusl.myweather.debug      I  [WeatherRepository] assembled AKQ/84,61 tiles=25 cache=false
2026-06-21 15:26:24.580 31535-31535 Quality                 com.github.kusl.myweather.debug      I  ActivityThread: doFrame delay 744 com.github.kusl.myweather.debug 31535
2026-06-21 15:26:24.586 31535-31535 Choreographer           com.github.kusl.myweather.debug      I  Skipped 44 frames!  The application may be doing too much work on its main thread.
2026-06-21 15:26:24.586 31535-31535 Quality                 com.github.kusl.myweather.debug      I  Skipped: false 44 cost 738.10864 refreshRate 16679775 bit true processName com.github.kusl.myweather.debug
2026-06-21 15:26:24.593 31535-31571 OpenGLRenderer          com.github.kusl.myweather.debug      I  Davey! duration=752ms; Flags=0, FrameTimelineVsyncId=96174645, IntendedVsync=2187041923392999, Vsync=2187041923392999, InputEventId=0, HandleInputStart=2187041928775811, AnimationStart=2187041928779926, PerformTraversalsStart=2187042279096020, DrawStart=2187042279437374, FrameDeadline=2187041956690316, FrameInterval=2187041928713364, FrameStartTime=16682433, SyncQueued=2187042670239926, SyncStart=2187042671073519, IssueDrawCommandsStart=2187042671268259, SwapBuffers=2187042672591697, FrameCompleted=2187042676466436, DequeueBufferDuration=40312, QueueBufferDuration=236146, GpuCompleted=2187042676466436, SwapBuffersCompleted=2187042673108207, DisplayPresentTime=2186923855330388, CommandSubmissionCompleted=2187042672591697, 
2026-06-21 15:26:30.002 31535-31541 myweather.debug         com.github.kusl.myweather.debug      I  Thread[2,tid=31541,WaitingInMainSignalCatcherLoop,Thread*=0xb400007d16826000,peer=0x2840580,"Signal Catcher"]: reacting to signal 3
2026-06-21 15:26:30.002 31535-31541 myweather.debug         com.github.kusl.myweather.debug      I  
2026-06-21 15:26:30.366 31535-31541 myweather.debug         com.github.kusl.myweather.debug      I  Wrote stack traces to tombstoned
2026-06-21 15:26:32.367  1876-5457  ActivityManager         system_server                        E  ANR in com.github.kusl.myweather.debug
                                                                                                    PID: 31535
                                                                                                    Reason: App requested: MainThread worked timeout
                                                                                                    ErrorId: 83e81170-c540-43e5-a110-16193ea994af
